2025-10-11 11:54:55,900 - INFO - === Starting Enhanced Article Processing Pipeline ===
2025-10-11 11:54:55,900 - INFO - Processing directory: docs
2025-10-11 11:54:55,901 - INFO - Initializing source validation...
2025-10-11 11:54:56,207 - INFO - Successfully registered 8 trusted sources
2025-10-11 11:54:56,207 - INFO - Loading processed files log from: processFile3.txt
2025-10-11 11:54:56,208 - INFO - Found 8 previously processed files
2025-10-11 11:54:56,209 - INFO - Found 8 files in docs: ['Charting-a-Greener-Course-Embrace-CCS-on-Maritime-Vessels.json', 'Cheat Sheet Hydrogen (1).json', 'Clean Energy Market Analysis in the US.json', 'Clean investment US.json', 'Comparative Life Cycle Assessment of Bioethanol Production from Different Generations ofBiomass and Waste Feedstocks.json', 'fuel_comparison.json', 'Green conversion of municipal solid wastes into fuels and chemicals.extraction.json', 'Waste to Fuel in NY.extraction.json']
2025-10-11 11:54:56,210 - INFO - Previously processed: 8 files
2025-10-11 11:54:56,211 - ERROR - Failed to process Charting-a-Greener-Course-Embrace-CCS-on-Maritime-Vessels.json: cannot access local variable 'all_content' where it is not associated with a value
Traceback (most recent call last):
  File "D:\Emulxion.ai\Projects\Jerry-1\Project-1\RAGS-System\RAGS-System\main.py", line 168, in main
    if all_content:
       ^^^^^^^^^^^
UnboundLocalError: cannot access local variable 'all_content' where it is not associated with a value
2025-10-11 11:54:56,214 - ERROR - Failed to process Cheat Sheet Hydrogen (1).json: cannot access local variable 'all_content' where it is not associated with a value
Traceback (most recent call last):
  File "D:\Emulxion.ai\Projects\Jerry-1\Project-1\RAGS-System\RAGS-System\main.py", line 168, in main
    if all_content:
       ^^^^^^^^^^^
UnboundLocalError: cannot access local variable 'all_content' where it is not associated with a value
2025-10-11 11:54:56,216 - ERROR - Failed to process Clean Energy Market Analysis in the US.json: cannot access local variable 'all_content' where it is not associated with a value
Traceback (most recent call last):
  File "D:\Emulxion.ai\Projects\Jerry-1\Project-1\RAGS-System\RAGS-System\main.py", line 168, in main
    if all_content:
       ^^^^^^^^^^^
UnboundLocalError: cannot access local variable 'all_content' where it is not associated with a value
2025-10-11 11:54:56,218 - ERROR - Failed to process Clean investment US.json: cannot access local variable 'all_content' where it is not associated with a value
Traceback (most recent call last):
  File "D:\Emulxion.ai\Projects\Jerry-1\Project-1\RAGS-System\RAGS-System\main.py", line 168, in main
    if all_content:
       ^^^^^^^^^^^
UnboundLocalError: cannot access local variable 'all_content' where it is not associated with a value
2025-10-11 11:54:56,221 - ERROR - Failed to process Comparative Life Cycle Assessment of Bioethanol Production from Different Generations ofBiomass and Waste Feedstocks.json: cannot access local variable 'all_content' where it is not associated with a value
Traceback (most recent call last):
  File "D:\Emulxion.ai\Projects\Jerry-1\Project-1\RAGS-System\RAGS-System\main.py", line 168, in main
    if all_content:
       ^^^^^^^^^^^
UnboundLocalError: cannot access local variable 'all_content' where it is not associated with a value
2025-10-11 11:54:56,225 - ERROR - Failed to process fuel_comparison.json: cannot access local variable 'all_content' where it is not associated with a value
Traceback (most recent call last):
  File "D:\Emulxion.ai\Projects\Jerry-1\Project-1\RAGS-System\RAGS-System\main.py", line 168, in main
    if all_content:
       ^^^^^^^^^^^
UnboundLocalError: cannot access local variable 'all_content' where it is not associated with a value
2025-10-11 11:54:56,227 - ERROR - Failed to process Green conversion of municipal solid wastes into fuels and chemicals.extraction.json: cannot access local variable 'all_content' where it is not associated with a value
Traceback (most recent call last):
  File "D:\Emulxion.ai\Projects\Jerry-1\Project-1\RAGS-System\RAGS-System\main.py", line 168, in main
    if all_content:
       ^^^^^^^^^^^
UnboundLocalError: cannot access local variable 'all_content' where it is not associated with a value
2025-10-11 11:54:56,230 - ERROR - Failed to process Waste to Fuel in NY.extraction.json: cannot access local variable 'all_content' where it is not associated with a value
Traceback (most recent call last):
  File "D:\Emulxion.ai\Projects\Jerry-1\Project-1\RAGS-System\RAGS-System\main.py", line 168, in main
    if all_content:
       ^^^^^^^^^^^
UnboundLocalError: cannot access local variable 'all_content' where it is not associated with a value
2025-10-11 11:54:56,232 - INFO - === Pipeline Completion Summary ===
2025-10-11 11:54:56,232 - INFO - Total files found: 8
2025-10-11 11:54:56,233 - INFO - Successfully processed: 0
2025-10-11 11:54:56,233 - INFO - Failed processing: 8
2025-10-11 11:54:56,234 - INFO - Previously processed: 8
