2025-10-11 12:37:34,796 - INFO - === Starting Enhanced Article Processing Pipeline ===
2025-10-11 12:37:34,797 - INFO - Processing directory: docs
2025-10-11 12:37:34,797 - INFO - Initializing source validation...
2025-10-11 12:37:34,813 - INFO - Successfully registered 8 trusted sources
2025-10-11 12:37:34,814 - INFO - Loading processed files log from: processed.txt
2025-10-11 12:37:34,828 - INFO - Found 8 previously processed files
2025-10-11 12:37:34,828 - INFO - Found 8 files in docs: ['Charting-a-Greener-Course-Embrace-CCS-on-Maritime-Vessels.json', 'Cheat Sheet Hydrogen (1).json', 'Clean Energy Market Analysis in the US.json', 'Clean investment US.json', 'Comparative Life Cycle Assessment of Bioethanol Production from Different Generations ofBiomass and Waste Feedstocks.json', 'fuel_comparison.json', 'Green conversion of municipal solid wastes into fuels and chemicals.extraction.json', 'Waste to Fuel in NY.extraction.json']
2025-10-11 12:37:34,829 - INFO - Previously processed: 8 files
2025-10-11 12:37:34,831 - INFO - Skipping already processed or unsupported file: Charting-a-Greener-Course-Embrace-CCS-on-Maritime-Vessels.json
2025-10-11 12:37:34,831 - INFO - Skipping already processed or unsupported file: Cheat Sheet Hydrogen (1).json
2025-10-11 12:37:34,832 - INFO - Skipping already processed or unsupported file: Clean Energy Market Analysis in the US.json
2025-10-11 12:37:34,832 - INFO - Skipping already processed or unsupported file: Clean investment US.json
2025-10-11 12:37:34,833 - INFO - Skipping already processed or unsupported file: Comparative Life Cycle Assessment of Bioethanol Production from Different Generations ofBiomass and Waste Feedstocks.json
2025-10-11 12:37:34,834 - INFO - Skipping already processed or unsupported file: fuel_comparison.json
2025-10-11 12:37:34,834 - INFO - Skipping already processed or unsupported file: Green conversion of municipal solid wastes into fuels and chemicals.extraction.json
2025-10-11 12:37:34,835 - INFO - Skipping already processed or unsupported file: Waste to Fuel in NY.extraction.json
2025-10-11 12:37:34,836 - INFO - === Pipeline Completion Summary ===
2025-10-11 12:37:34,836 - INFO - Total files found: 8
2025-10-11 12:37:34,837 - INFO - Successfully processed: 0
2025-10-11 12:37:34,837 - INFO - Failed processing: 0
2025-10-11 12:37:34,837 - INFO - Previously processed: 8
